###############################################################################
#
# IAR ELF Linker V7.10.3.6832/W32 for ARM                 24/Sep/2020  00:48:19
# Copyright 2007-2014 IAR Systems AB.
#
#    Output file  =  
#        F:\coretx\Motor_Control\EWARM\Motor_Control\Exe\Motor_Control.out
#    Map file     =  
#        F:\coretx\Motor_Control\EWARM\Motor_Control/List\Motor_Control.map
#    Command line =  
#        F:\coretx\Motor_Control\EWARM\Motor_Control\Obj\main.o
#        F:\coretx\Motor_Control\EWARM\Motor_Control\Obj\startup_stm32f401xe.o
#        F:\coretx\Motor_Control\EWARM\Motor_Control\Obj\stm32f4xx_hal.o
#        F:\coretx\Motor_Control\EWARM\Motor_Control\Obj\stm32f4xx_hal_cortex.o
#        F:\coretx\Motor_Control\EWARM\Motor_Control\Obj\stm32f4xx_hal_dma.o
#        F:\coretx\Motor_Control\EWARM\Motor_Control\Obj\stm32f4xx_hal_dma_ex.o
#        F:\coretx\Motor_Control\EWARM\Motor_Control\Obj\stm32f4xx_hal_flash.o
#        F:\coretx\Motor_Control\EWARM\Motor_Control\Obj\stm32f4xx_hal_flash_ex.o
#        F:\coretx\Motor_Control\EWARM\Motor_Control\Obj\stm32f4xx_hal_flash_ramfunc.o
#        F:\coretx\Motor_Control\EWARM\Motor_Control\Obj\stm32f4xx_hal_gpio.o
#        F:\coretx\Motor_Control\EWARM\Motor_Control\Obj\stm32f4xx_hal_msp.o
#        F:\coretx\Motor_Control\EWARM\Motor_Control\Obj\stm32f4xx_hal_pwr.o
#        F:\coretx\Motor_Control\EWARM\Motor_Control\Obj\stm32f4xx_hal_pwr_ex.o
#        F:\coretx\Motor_Control\EWARM\Motor_Control\Obj\stm32f4xx_hal_rcc.o
#        F:\coretx\Motor_Control\EWARM\Motor_Control\Obj\stm32f4xx_hal_rcc_ex.o
#        F:\coretx\Motor_Control\EWARM\Motor_Control\Obj\stm32f4xx_hal_tim.o
#        F:\coretx\Motor_Control\EWARM\Motor_Control\Obj\stm32f4xx_hal_tim_ex.o
#        F:\coretx\Motor_Control\EWARM\Motor_Control\Obj\stm32f4xx_hal_uart.o
#        F:\coretx\Motor_Control\EWARM\Motor_Control\Obj\stm32f4xx_it.o
#        F:\coretx\Motor_Control\EWARM\Motor_Control\Obj\system_stm32f4xx.o
#        --redirect _Printf=_PrintfFull --redirect _Scanf=_ScanfFull -o
#        F:\coretx\Motor_Control\EWARM\Motor_Control\Exe\Motor_Control.out
#        --map
#        F:\coretx\Motor_Control\EWARM\Motor_Control/List\Motor_Control.map
#        --config F:\coretx\Motor_Control\EWARM/stm32f401xe_flash.icf
#        --semihosting --entry __iar_program_start --vfe
#
###############################################################################

*******************************************************************************
*** RUNTIME MODEL ATTRIBUTES
***

CppFlavor                     = *
__Heap_Handler                = Basic
__SystemLibrary               = DLib
__dlib_dynamic_initialization = normal


*******************************************************************************
*** PLACEMENT SUMMARY
***

"A1":  place at 0x08000000 { ro section .intvec };
"P1":  place in [from 0x08000000 to 0x0807ffff] { ro };
"P2":  place in [from 0x20000000 to 0x20017fff] { rw, block CSTACK, block HEAP };

  Section             Kind        Address    Size  Object
  -------             ----        -------    ----  ------
"A1":                                       0x194
  .intvec             ro code  0x08000000   0x194  startup_stm32f401xe.o [1]
                             - 0x08000194   0x194

"P1":                                      0x4fd1
  .text               ro code  0x08000194  0x1106  xprintffull.o [3]
  .text               ro code  0x0800129a    0x20  xmbtowc.o [3]
  .text               ro code  0x080012ba    0x22  zero_init3.o [5]
  .text               ro code  0x080012dc    0x16  strchr.o [5]
  .text               ro code  0x080012f2     0xa  xsprout.o [3]
  .text               ro code  0x080012fc    0x36  strlen.o [5]
  .text               ro code  0x08001334    0x58  memchr.o [5]
  .text               ro code  0x0800138c     0xa  xmbcurmax.o [3]
  .text               ro code  0x08001398    0xb4  xxmemxmalloc.o [3]
  .text               ro code  0x0800144c    0x1a  xwctomb.o [3]
  .text               ro code  0x08001468    0x76  ABImemcpy_unaligned.o [5]
  .text               ro code  0x080014e0    0x80  xxmemxfree.o [3]
  .text               ro code  0x08001560    0xee  I64DivMod.o [5]
  .text               ro code  0x08001650   0x1a2  DblMul.o [4]
  .text               ro code  0x080017f2    0x42  xdnorm.o [4]
  .text               ro code  0x08001834    0x2e  DblCmpLe.o [4]
  .text               ro code  0x08001864    0x2e  DblCmpGe.o [4]
  .text               ro code  0x08001894   0x114  xdscale.o [4]
  .text               ro code  0x080019a8    0x58  DblToI32.o [4]
  .text               ro code  0x08001a00    0x30  I32ToDbl.o [4]
  .text               ro code  0x08001a30   0x180  DblSub.o [4]
  .text               ro code  0x08001bb0   0x246  DblDiv.o [4]
  .text               ro code  0x08001df8    0x6c  localeconv.o [3]
  .text               ro code  0x08001e64     0xe  div.o [3]
  .text               ro code  0x08001e74    0x14  setlocale.o [3]
  .text               ro code  0x08001e88    0x60  xencoding_sb.o [3]
  .text               ro code  0x08001ee8    0x2c  xgetmemchunk.o [3]
  .text               ro code  0x08001f14     0x2  I64DivZer.o [5]
  .text               ro code  0x08001f18    0xe8  DblAdd.o [4]
  .text               ro code  0x08002000     0x2  xtls.o [3]
  .text               ro code  0x08002008   0x8b8  pow.o [4]
  .text               ro code  0x080028c0    0x7e  xdint.o [4]
  .text               ro code  0x08002940    0x20  DblCmpEq.o [4]
  .text               ro code  0x08002960     0xc  errno.o [3]
  .text               ro code  0x0800296c    0xb0  xlog.o [4]
  .text               ro code  0x08002a1c   0x2be  xexp.o [4]
  .text               ro code  0x08002cda    0x40  xdtest.o [4]
  .text               ro code  0x08002d1c   0x6f2  stm32f4xx_hal_tim.o [1]
  .text               ro code  0x08003410   0x2c8  stm32f4xx_hal_msp.o [1]
  .text               ro code  0x080036d8   0x67a  main.o [1]
  .text               ro code  0x08003d54    0x96  stm32f4xx_hal_tim_ex.o [1]
  .text               ro code  0x08003dec    0xf6  stm32f4xx_hal_cortex.o [1]
  .text               ro code  0x08003ee4   0x1c4  stm32f4xx_hal_gpio.o [1]
  .text               ro code  0x080040a8   0x2fc  stm32f4xx_hal_dma.o [1]
  .text               ro code  0x080043a4    0x34  sprintf.o [3]
  .text               ro code  0x080043d8   0x53c  stm32f4xx_hal_uart.o [1]
  .text               ro code  0x08004914    0x88  stm32f4xx_hal.o [1]
  .text               ro code  0x0800499c   0x460  stm32f4xx_hal_rcc.o [1]
  .text               ro code  0x08004dfc    0xd4  packbits_init.o [5]
  .text               ro code  0x08004ed0     0x6  abort.o [3]
  .text               ro code  0x08004ed8    0x14  exit.o [6]
  .text               ro code  0x08004eec    0x60  system_stm32f4xx.o [1]
  .text               ro code  0x08004f4c    0x50  stm32f4xx_it.o [1]
  .text               ro code  0x08004f9c    0x28  data_init.o [5]
  .iar.init_table     const    0x08004fc4    0x2c  - Linker created -
  .text               ro code  0x08004ff0    0x1a  fpinit_M.o [4]
  .text               ro code  0x0800500c    0x1a  cmain.o [5]
  .text               ro code  0x08005026     0x4  low_level_init.o [3]
  .text               ro code  0x0800502a     0x4  exit.o [3]
  .text               ro code  0x08005030     0xa  cexit.o [5]
  .text               ro code  0x0800503c    0x10  startup_stm32f401xe.o [1]
  .text               ro code  0x0800504c     0xc  cstartup_M.o [5]
  .rodata             const    0x08005058     0x8  system_stm32f4xx.o [1]
  .text               ro code  0x08005060     0x4  startup_stm32f401xe.o [1]
  .text               ro code  0x08005064     0x4  startup_stm32f401xe.o [1]
  .text               ro code  0x08005068     0x4  startup_stm32f401xe.o [1]
  .text               ro code  0x0800506c     0x4  startup_stm32f401xe.o [1]
  .text               ro code  0x08005070     0x4  startup_stm32f401xe.o [1]
  .text               ro code  0x08005074     0x4  startup_stm32f401xe.o [1]
  .text               ro code  0x08005078     0x4  startup_stm32f401xe.o [1]
  .text               ro code  0x0800507c     0x4  startup_stm32f401xe.o [1]
  .text               ro code  0x08005080     0x4  startup_stm32f401xe.o [1]
  .text               ro code  0x08005084     0x4  startup_stm32f401xe.o [1]
  .text               ro code  0x08005088     0x4  startup_stm32f401xe.o [1]
  .text               ro code  0x0800508c     0x4  startup_stm32f401xe.o [1]
  .text               ro code  0x08005090     0x4  startup_stm32f401xe.o [1]
  .text               ro code  0x08005094     0x4  startup_stm32f401xe.o [1]
  .text               ro code  0x08005098     0x4  startup_stm32f401xe.o [1]
  .text               ro code  0x0800509c     0x4  startup_stm32f401xe.o [1]
  .text               ro code  0x080050a0     0x4  startup_stm32f401xe.o [1]
  .text               ro code  0x080050a4     0x4  startup_stm32f401xe.o [1]
  .text               ro code  0x080050a8     0x4  startup_stm32f401xe.o [1]
  .text               ro code  0x080050ac     0x4  startup_stm32f401xe.o [1]
  .text               ro code  0x080050b0     0x4  startup_stm32f401xe.o [1]
  .text               ro code  0x080050b4     0x4  startup_stm32f401xe.o [1]
  .text               ro code  0x080050b8     0x4  startup_stm32f401xe.o [1]
  .text               ro code  0x080050bc     0x4  startup_stm32f401xe.o [1]
  .text               ro code  0x080050c0     0x4  startup_stm32f401xe.o [1]
  .text               ro code  0x080050c4     0x4  startup_stm32f401xe.o [1]
  .text               ro code  0x080050c8     0x4  startup_stm32f401xe.o [1]
  .text               ro code  0x080050cc     0x4  startup_stm32f401xe.o [1]
  .text               ro code  0x080050d0     0x4  startup_stm32f401xe.o [1]
  .text               ro code  0x080050d4     0x4  startup_stm32f401xe.o [1]
  .text               ro code  0x080050d8     0x4  startup_stm32f401xe.o [1]
  .text               ro code  0x080050dc     0x4  startup_stm32f401xe.o [1]
  .text               ro code  0x080050e0     0x4  startup_stm32f401xe.o [1]
  .text               ro code  0x080050e4     0x4  startup_stm32f401xe.o [1]
  .text               ro code  0x080050e8     0x4  startup_stm32f401xe.o [1]
  .text               ro code  0x080050ec     0x4  startup_stm32f401xe.o [1]
  .text               ro code  0x080050f0     0x4  startup_stm32f401xe.o [1]
  .text               ro code  0x080050f4     0x4  startup_stm32f401xe.o [1]
  .text               ro code  0x080050f8     0x4  startup_stm32f401xe.o [1]
  .text               ro code  0x080050fc     0x4  startup_stm32f401xe.o [1]
  .text               ro code  0x08005100     0x4  startup_stm32f401xe.o [1]
  .text               ro code  0x08005104     0x4  startup_stm32f401xe.o [1]
  .text               ro code  0x08005108     0x4  startup_stm32f401xe.o [1]
  .text               ro code  0x0800510c     0x4  startup_stm32f401xe.o [1]
  .text               ro code  0x08005110     0x4  startup_stm32f401xe.o [1]
  .text               ro code  0x08005114     0x4  startup_stm32f401xe.o [1]
  .text               ro code  0x08005118     0x4  startup_stm32f401xe.o [1]
  .text               ro code  0x0800511c     0x4  startup_stm32f401xe.o [1]
  .text               ro code  0x08005120     0x4  startup_stm32f401xe.o [1]
  .text               ro code  0x08005124     0x4  startup_stm32f401xe.o [1]
  .text               ro code  0x08005128     0x4  startup_stm32f401xe.o [1]
  .text               ro code  0x0800512c     0x4  startup_stm32f401xe.o [1]
  .text               ro code  0x08005130     0x4  startup_stm32f401xe.o [1]
  .text               ro code  0x08005134     0x4  startup_stm32f401xe.o [1]
  .text               ro code  0x08005138     0x4  startup_stm32f401xe.o [1]
  .text               ro code  0x0800513c     0x4  startup_stm32f401xe.o [1]
  .text               ro code  0x08005140     0x4  startup_stm32f401xe.o [1]
  .text               ro code  0x08005144     0x4  startup_stm32f401xe.o [1]
  .text               ro code  0x08005148     0x4  startup_stm32f401xe.o [1]
  .rodata             const    0x0800514c     0x0  zero_init3.o [5]
  .rodata             const    0x0800514c     0x0  packbits_init.o [5]
  Initializer bytes   ro data  0x0800514c    0x19  <for P2 s0>
                             - 0x08005165  0x4fd1

"P2", part 1 of 3:                          0x110
  P2 s0                        0x20000000   0x110  <Init block>
    __DLIB_PERTHREAD  inited   0x20000000    0x88  localeconv.o [3]
    __DLIB_PERTHREAD  inited   0x20000088    0x74  setlocale.o [3]
    .data             inited   0x200000fc     0xc  stm32f4xx_hal.o [1]
    .data             inited   0x20000108     0x4  system_stm32f4xx.o [1]
    __DLIB_PERTHREAD  inited   0x2000010c     0x4  errno.o [3]
                             - 0x20000110   0x110

"P2", part 2 of 3:                          0x2a8
  .bss                zero     0x20000110    0xb8  main.o [1]
  .bss                zero     0x200001c8    0x7c  main.o [1]
  .bss                zero     0x20000244    0x60  main.o [1]
  .bss                zero     0x200002a4    0x60  main.o [1]
  .bss                zero     0x20000304    0x3c  main.o [1]
  .bss                zero     0x20000340    0x3c  main.o [1]
  .bss                zero     0x2000037c     0x4  xgetmemchunk.o [3]
  .bss                zero     0x20000380    0x2c  main.o [1]
  .bss                zero     0x200003ac     0x8  xxmemxmalloc.o [3]
                             - 0x200003b4   0x2a4

"P2", part 3 of 3:                          0x600
  CSTACK                       0x200003b8   0x400  <Block>
    CSTACK            uninit   0x200003b8   0x400  <Block tail>
  HEAP                         0x200007b8   0x200  <Block>
    HEAP              uninit   0x200007b8   0x200  <Block tail>
                             - 0x200009b8   0x600


*******************************************************************************
*** INIT TABLE
***

          Address     Size
          -------     ----
Zero (__iar_zero_init3)
    1 destination range, total size 0x2a4:
          0x20000110  0x2a4

Copy/packbits (__iar_packbits_init3)
    1 source range, total size 0x19 (9% of destination):
          0x0800514c   0x19
    1 destination range, total size 0x110:
          0x20000000  0x110



*******************************************************************************
*** MODULE SUMMARY
***

    Module                  ro code  ro data  rw data
    ------                  -------  -------  -------
F:\coretx\Motor_Control\EWARM\Motor_Control\Obj: [1]
    main.o                    1 658               664
    startup_stm32f401xe.o       656
    stm32f4xx_hal.o             136        1       12
    stm32f4xx_hal_cortex.o      246
    stm32f4xx_hal_dma.o         764
    stm32f4xx_hal_gpio.o        452
    stm32f4xx_hal_msp.o         712
    stm32f4xx_hal_rcc.o       1 120
    stm32f4xx_hal_tim.o       1 778
    stm32f4xx_hal_tim_ex.o      150
    stm32f4xx_hal_uart.o      1 340
    stm32f4xx_it.o               80
    system_stm32f4xx.o           96        8        4
    -------------------------------------------------
    Total:                    9 188        9      680

command line: [2]
    -------------------------------------------------
    Total:

dl7M_tlf.a: [3]
    abort.o                       6
    div.o                        14
    errno.o                      12        1        4
    exit.o                        4
    localeconv.o                108       12      136
    low_level_init.o              4
    setlocale.o                  20       11      116
    sprintf.o                    52
    xencoding_sb.o               96
    xgetmemchunk.o               44                 4
    xmbcurmax.o                  10
    xmbtowc.o                    32
    xprintffull.o             4 358
    xsprout.o                    10
    xtls.o                        2
    xwctomb.o                    26
    xxmemxfree.o                128
    xxmemxmalloc.o              180                 8
    -------------------------------------------------
    Total:                    5 106       24      268

m7M_tlv.a: [4]
    DblAdd.o                    232
    DblCmpEq.o                   32
    DblCmpGe.o                   46
    DblCmpLe.o                   46
    DblDiv.o                    582
    DblMul.o                    418
    DblSub.o                    384
    DblToI32.o                   88
    I32ToDbl.o                   48
    fpinit_M.o                   26
    pow.o                     2 232
    xdint.o                     126
    xdnorm.o                     66
    xdscale.o                   276
    xdtest.o                     64
    xexp.o                      702
    xlog.o                      176
    -------------------------------------------------
    Total:                    5 544

rt7M_tl.a: [5]
    ABImemcpy_unaligned.o       118
    I64DivMod.o                 238
    I64DivZer.o                   2
    cexit.o                      10
    cmain.o                      26
    cstartup_M.o                 12
    data_init.o                  40
    memchr.o                     88
    packbits_init.o             212
    strchr.o                     22
    strlen.o                     54
    zero_init3.o                 34
    -------------------------------------------------
    Total:                      856

shb_l.a: [6]
    exit.o                       20
    -------------------------------------------------
    Total:                       20

    Gaps                         46
    Linker created                        44    1 536
-----------------------------------------------------
    Grand Total:             20 760       77    2 484


*******************************************************************************
*** ENTRY LIST
***

Entry                      Address   Size  Type      Object
-----                      -------   ----  ----      ------
?main                   0x0800500d         Code  Gb  cmain.o [5]
AHBPrescTable           0x08004f3c   0x10  Data  Gb  system_stm32f4xx.o [1]
APBPrescTable           0x08005058    0x8  Data  Gb  system_stm32f4xx.o [1]
CSTACK$$Base            0x200003b8          --   Gb  - Linker created -
CSTACK$$Limit           0x200007b8          --   Gb  - Linker created -
DMA1_Stream5_IRQHandler
                        0x08004f5b    0x6  Code  Gb  stm32f4xx_it.o [1]
DMA2_Stream1_IRQHandler
                        0x08004f7b    0x6  Code  Gb  stm32f4xx_it.o [1]
DMA_CalcBaseAndBitshift
                        0x08004379   0x24  Code  Lc  stm32f4xx_hal_dma.o [1]
EXTI15_10_IRQHandler    0x08004f73    0x8  Code  Gb  stm32f4xx_it.o [1]
HAL_DMA_Abort_IT        0x08004199   0x24  Code  Gb  stm32f4xx_hal_dma.o [1]
HAL_DMA_IRQHandler      0x080041bd  0x1b0  Code  Gb  stm32f4xx_hal_dma.o [1]
HAL_DMA_Init            0x080040a9   0xf0  Code  Gb  stm32f4xx_hal_dma.o [1]
HAL_GPIO_EXTI_Callback  0x080036d9   0x26  Code  Gb  main.o [1]
HAL_GPIO_EXTI_IRQHandler
                        0x0800406f   0x14  Code  Gb  stm32f4xx_hal_gpio.o [1]
HAL_GPIO_Init           0x08003ee5  0x182  Code  Gb  stm32f4xx_hal_gpio.o [1]
HAL_GPIO_WritePin       0x08004067    0x8  Code  Gb  stm32f4xx_hal_gpio.o [1]
HAL_GetTick             0x0800498b    0x6  Code  Wk  stm32f4xx_hal.o [1]
HAL_IncTick             0x0800497d    0xe  Code  Wk  stm32f4xx_hal.o [1]
HAL_Init                0x08004915   0x30  Code  Gb  stm32f4xx_hal.o [1]
HAL_InitTick            0x08004945   0x38  Code  Wk  stm32f4xx_hal.o [1]
HAL_MspInit             0x08003411   0x60  Code  Gb  stm32f4xx_hal_msp.o [1]
HAL_NVIC_EnableIRQ      0x08003e6d    0xc  Code  Gb  stm32f4xx_hal_cortex.o [1]
HAL_NVIC_SetPriority    0x08003e2b   0x42  Code  Gb  stm32f4xx_hal_cortex.o [1]
HAL_NVIC_SetPriorityGrouping
                        0x08003e11   0x1a  Code  Gb  stm32f4xx_hal_cortex.o [1]
HAL_RCC_ClockConfig     0x08004c4b  0x10a  Code  Gb  stm32f4xx_hal_rcc.o [1]
HAL_RCC_GetHCLKFreq     0x08004da1    0x6  Code  Gb  stm32f4xx_hal_rcc.o [1]
HAL_RCC_GetPCLK1Freq    0x08004da7   0x10  Code  Gb  stm32f4xx_hal_rcc.o [1]
HAL_RCC_GetPCLK2Freq    0x08004db7    0xe  Code  Gb  stm32f4xx_hal_rcc.o [1]
HAL_RCC_GetSysClockFreq
                        0x08004d55   0x4c  Code  Wk  stm32f4xx_hal_rcc.o [1]
HAL_RCC_OscConfig       0x0800499d  0x2a6  Code  Wk  stm32f4xx_hal_rcc.o [1]
HAL_SYSTICK_CLKSourceConfig
                        0x08003ea9   0x14  Code  Gb  stm32f4xx_hal_cortex.o [1]
HAL_SYSTICK_Callback    0x08003ee1    0x2  Code  Wk  stm32f4xx_hal_cortex.o [1]
HAL_SYSTICK_Config      0x08003e81   0x28  Code  Gb  stm32f4xx_hal_cortex.o [1]
HAL_SYSTICK_IRQHandler  0x08003ed9    0x8  Code  Gb  stm32f4xx_hal_cortex.o [1]
HAL_TIMEx_BreakCallback
                        0x08003dd1    0x2  Code  Wk  stm32f4xx_hal_tim_ex.o [1]
HAL_TIMEx_CommutationCallback
                        0x08003dcf    0x2  Code  Wk  stm32f4xx_hal_tim_ex.o [1]
HAL_TIMEx_MasterConfigSynchronization
                        0x08003d85   0x4a  Code  Gb  stm32f4xx_hal_tim_ex.o [1]
HAL_TIMEx_PWMN_Start    0x08003d55    0xa  Code  Gb  stm32f4xx_hal_tim_ex.o [1]
HAL_TIM_Base_Init       0x08002d1d   0x1a  Code  Gb  stm32f4xx_hal_tim.o [1]
HAL_TIM_Base_MspInit    0x08003509   0x38  Code  Gb  stm32f4xx_hal_msp.o [1]
HAL_TIM_Base_Start_IT   0x08002d37   0x16  Code  Gb  stm32f4xx_hal_tim.o [1]
HAL_TIM_ConfigClockSource
                        0x080030e3   0xb4  Code  Gb  stm32f4xx_hal_tim.o [1]
HAL_TIM_Encoder_Init    0x08002e0b   0x8a  Code  Gb  stm32f4xx_hal_tim.o [1]
HAL_TIM_Encoder_MspInit
                        0x08003471   0x72  Code  Gb  stm32f4xx_hal_msp.o [1]
HAL_TIM_Encoder_Start   0x08002e9d   0x20  Code  Gb  stm32f4xx_hal_tim.o [1]
HAL_TIM_IC_CaptureCallback
                        0x080031b9    0x2  Code  Wk  stm32f4xx_hal_tim.o [1]
HAL_TIM_IRQHandler      0x08002ec7  0x14a  Code  Gb  stm32f4xx_hal_tim.o [1]
HAL_TIM_MspPostInit     0x08003541   0x2e  Code  Gb  stm32f4xx_hal_msp.o [1]
HAL_TIM_OC_DelayElapsedCallback
                        0x080031b7    0x2  Code  Wk  stm32f4xx_hal_tim.o [1]
HAL_TIM_PWM_ConfigChannel
                        0x08003011   0xd2  Code  Gb  stm32f4xx_hal_tim.o [1]
HAL_TIM_PWM_Init        0x08002d65   0x1a  Code  Gb  stm32f4xx_hal_tim.o [1]
HAL_TIM_PWM_MspInit     0x080034e3   0x26  Code  Gb  stm32f4xx_hal_msp.o [1]
HAL_TIM_PWM_PulseFinishedCallback
                        0x080031bb    0x2  Code  Wk  stm32f4xx_hal_tim.o [1]
HAL_TIM_PWM_Start       0x08002d7f    0x8  Code  Gb  stm32f4xx_hal_tim.o [1]
HAL_TIM_PeriodElapsedCallback
                        0x08003883   0x94  Code  Gb  main.o [1]
HAL_TIM_TriggerCallback
                        0x080031bd    0x2  Code  Wk  stm32f4xx_hal_tim.o [1]
HAL_UART_ErrorCallback  0x0800465b    0x2  Code  Wk  stm32f4xx_hal_uart.o [1]
HAL_UART_IRQHandler     0x0800450f  0x148  Code  Gb  stm32f4xx_hal_uart.o [1]
HAL_UART_Init           0x080043d9   0x30  Code  Gb  stm32f4xx_hal_uart.o [1]
HAL_UART_MspInit        0x0800356f   0xd8  Code  Gb  stm32f4xx_hal_msp.o [1]
HAL_UART_RxCpltCallback
                        0x08004659    0x2  Code  Wk  stm32f4xx_hal_uart.o [1]
HAL_UART_Transmit       0x08004445   0xa8  Code  Gb  stm32f4xx_hal_uart.o [1]
HAL_UART_TxCpltCallback
                        0x08004657    0x2  Code  Wk  stm32f4xx_hal_uart.o [1]
HEAP$$Base              0x200007b8          --   Gb  - Linker created -
HEAP$$Limit             0x200009b8          --   Gb  - Linker created -
InStream_Read           0x08004dfd   0x22  Code  Lc  packbits_init.o [5]
MX_GPIO_Init            0x08003be1   0xbe  Code  Lc  main.o [1]
MX_TIM2_Init            0x08003b85   0x58  Code  Lc  main.o [1]
Motor_CCR               0x200001d4    0x2  Data  Gb  main.o [1]
NVIC_GetPriorityGrouping
                        0x08003ded    0xa  Code  Lc  stm32f4xx_hal_cortex.o [1]
NVIC_SetPriority        0x08003df7   0x1a  Code  Lc  stm32f4xx_hal_cortex.o [1]
Region$$Table$$Base     0x08004fc4          --   Gb  - Linker created -
Region$$Table$$Limit    0x08004ff0          --   Gb  - Linker created -
SysTick_Handler         0x08004f4d    0xe  Code  Gb  stm32f4xx_it.o [1]
SystemClock_Config      0x08003ad5   0xb0  Code  Gb  main.o [1]
SystemCoreClock         0x20000108    0x4  Data  Gb  system_stm32f4xx.o [1]
SystemInit              0x08004eed   0x3a  Code  Gb  system_stm32f4xx.o [1]
TIM1_BRK_TIM9_IRQHandler
                        0x08004f61   0x12  Code  Gb  stm32f4xx_it.o [1]
TIM_Base_SetConfig      0x080031bf   0x72  Code  Gb  stm32f4xx_hal_tim.o [1]
TIM_CCxChannelCmd       0x0800328d   0x18  Code  Gb  stm32f4xx_hal_tim.o [1]
TIM_CCxNChannelCmd      0x08003dd3   0x18  Code  Lc  stm32f4xx_hal_tim_ex.o [1]
TIM_ETR_SetConfig       0x080033fb   0x14  Code  Lc  stm32f4xx_hal_tim.o [1]
TIM_ITRx_SetConfig      0x080033eb   0x10  Code  Lc  stm32f4xx_hal_tim.o [1]
TIM_OC1_SetConfig       0x080032a5   0x4a  Code  Lc  stm32f4xx_hal_tim.o [1]
TIM_OC2_SetConfig       0x08003239   0x52  Code  Gb  stm32f4xx_hal_tim.o [1]
TIM_OC3_SetConfig       0x080032ef   0x50  Code  Lc  stm32f4xx_hal_tim.o [1]
TIM_OC4_SetConfig       0x0800333f   0x40  Code  Lc  stm32f4xx_hal_tim.o [1]
TIM_TI1_ConfigInputStage
                        0x080033a5   0x22  Code  Lc  stm32f4xx_hal_tim.o [1]
TIM_TI2_ConfigInputStage
                        0x080033c7   0x24  Code  Lc  stm32f4xx_hal_tim.o [1]
UART_DMAAbortOnError    0x080046dd   0x10  Code  Lc  stm32f4xx_hal_uart.o [1]
UART_EndRxTransfer      0x080046bd   0x1c  Code  Lc  stm32f4xx_hal_uart.o [1]
UART_Receive_IT         0x080046ed   0x7e  Code  Lc  stm32f4xx_hal_uart.o [1]
UART_SetConfig          0x08004779  0x18e  Code  Lc  stm32f4xx_hal_uart.o [1]
UART_WaitOnFlagUntilTimeout
                        0x0800465d   0x60  Code  Lc  stm32f4xx_hal_uart.o [1]
USART6_IRQHandler       0x08004f81    0x6  Code  Gb  stm32f4xx_it.o [1]
VelocityR               0x080036ff   0x2e  Code  Gb  main.o [1]
_EncodingSb_Mbtowc      0x08001ea3   0x30  Code  Gb  xencoding_sb.o [3]
_EncodingSb_Wctomb      0x08001e89   0x1a  Code  Gb  xencoding_sb.o [3]
_Error_Handler          0x08003d51    0x2  Code  Gb  main.o [1]
_GenldFull              0x08001009  0x24a  Code  Lc  xprintffull.o [3]
_IsdstStr               0x2000008c    0x4  Data  Gb  setlocale.o [3]
_LdtobFull              0x08000c7d  0x386  Code  Lc  xprintffull.o [3]
_LitobFull              0x08000b2b  0x106  Code  Lc  xprintffull.o [3]
_LocaleEncoding         0x08001e75    0xe  Code  Gb  setlocale.o [3]
_LocaleReturnString     0x200000ac   0x50  Data  Lc  setlocale.o [3]
_Locale_Profile         0x20000090   0x1c  Data  Gb  setlocale.o [3]
_Locale_aeabi_lconv     0x20000050   0x38  Data  Gb  localeconv.o [3]
_Locale_lconv           0x20000000   0x50  Data  Gb  localeconv.o [3]
_Mbtowc                 0x0800129b   0x20  Code  Gb  xmbtowc.o [3]
_PrintfFull             0x08000195  0x67c  Code  Gb  xprintffull.o [3]
_PutcharsFull           0x08001253   0x2e  Code  Lc  xprintffull.o [3]
_PutstrFull             0x08000829  0x2fc  Code  Lc  xprintffull.o [3]
_SProut                 0x080012f3    0xa  Code  Gb  xsprout.o [3]
_TzoneStr               0x20000088    0x4  Data  Gb  setlocale.o [3]
_Wctomb                 0x0800144d   0x1a  Code  Gb  xwctomb.o [3]
__aeabi_cdcmpeq         0x08002941         Code  Gb  DblCmpEq.o [4]
__aeabi_cdcmple         0x08001835         Code  Gb  DblCmpLe.o [4]
__aeabi_cdrcmple        0x08001865         Code  Gb  DblCmpGe.o [4]
__aeabi_d2iz            0x080019a9         Code  Gb  DblToI32.o [4]
__aeabi_d2uiz           0x080019d5         Code  Gb  DblToI32.o [4]
__aeabi_dadd            0x08001f19         Code  Gb  DblAdd.o [4]
__aeabi_ddiv            0x08001bb1         Code  Gb  DblDiv.o [4]
__aeabi_dmul            0x08001651         Code  Gb  DblMul.o [4]
__aeabi_dsub            0x08001a31         Code  Gb  DblSub.o [4]
__aeabi_errno_addr      0x08002961    0x6  Code  Gb  errno.o [3]
__aeabi_i2d             0x08001a01         Code  Gb  I32ToDbl.o [4]
__aeabi_ldiv0           0x08001f15         Code  Gb  I64DivZer.o [5]
__aeabi_ui2d            0x08001a15         Code  Gb  I32ToDbl.o [4]
__aeabi_uldivmod        0x08001561         Code  Gb  I64DivMod.o [5]
__cmain                 0x0800500d         Code  Gb  cmain.o [5]
__data_Aldata           0x200003ac    0x8  Data  Gb  xxmemxmalloc.o [3]
__data_GetMemChunk      0x08001ee9   0x2c  Code  Gb  xgetmemchunk.o [3]
__exit                  0x08004ed9   0x14  Code  Gb  exit.o [6]
__iar_Dint              0x080028c1   0x7e  Code  Gb  xdint.o [4]
__iar_Dnorm             0x080017f3   0x42  Code  Gb  xdnorm.o [4]
__iar_Dscale            0x08001895  0x114  Code  Gb  xdscale.o [4]
__iar_Dtest             0x08002cdb   0x30  Code  Gb  xdtest.o [4]
__iar_Errno             0x2000010c    0x4  Data  Gb  errno.o [3]
__iar_Exp               0x08002a1d  0x2b6  Code  Gb  xexp.o [4]
__iar_Locale_lconv_init
                        0x08001df9   0x3a  Code  Gb  localeconv.o [3]
__iar_Logpoly           0x0800296d   0x76  Code  Gb  xlog.o [4]
__iar_Mbcurmax          0x0800138d    0xa  Code  Gb  xmbcurmax.o [3]
__iar_Memchr            0x08001335         Code  Gb  memchr.o [5]
__iar_Strchr            0x080012dd         Code  Gb  strchr.o [5]
__iar_d2uiz             0x080019e1         Code  Gb  DblToI32.o [4]
__iar_dadd              0x08001f2d         Code  Gb  DblAdd.o [4]
__iar_data_init3        0x08004f9d   0x28  Code  Gb  data_init.o [5]
__iar_dlib_perthread_access
                        0x08002001    0x2  Code  Gb  xtls.o [3]
__iar_dsub              0x08001a45         Code  Gb  DblSub.o [4]
__iar_dsubStart         0x08001a57         Code  Gb  DblSub.o [4]
__iar_init_vfp          0x08004ff1         Code  Gb  fpinit_M.o [4]
__iar_packbits_init3    0x08004e1f   0xb2  Code  Gb  packbits_init.o [5]
__iar_program_start     0x0800504d         Code  Gb  cstartup_M.o [5]
__iar_ui2d              0x08001a19         Code  Gb  I32ToDbl.o [4]
__iar_unaligned___aeabi_memcpy
                        0x08001469         Code  Gb  ABImemcpy_unaligned.o [5]
__iar_unaligned___aeabi_memcpy4
                        0x08001489         Code  Gb  ABImemcpy_unaligned.o [5]
__iar_unaligned___aeabi_memcpy8
                        0x08001489         Code  Gb  ABImemcpy_unaligned.o [5]
__iar_vfp_pow           0x08002483   0x18  Code  Gb  pow.o [4]
__iar_zero_init3        0x080012bb   0x22  Code  Gb  zero_init3.o [5]
__low_level_init        0x08005027    0x4  Code  Gb  low_level_init.o [3]
__vector_table          0x08000000         Data  Gb  startup_stm32f401xe.o [1]
_call_main              0x08005019         Code  Gb  cmain.o [5]
_exit                   0x08005031         Code  Gb  cexit.o [5]
_main                   0x08005023         Code  Gb  cmain.o [5]
a                       0x20000380    0x8  Data  Gb  main.o [1]
abort                   0x08004ed1    0x6  Code  Gb  abort.o [3]
angluarR                0x08003739   0x26  Code  Gb  main.o [1]
angu                    0x20000220    0x8  Data  Gb  main.o [1]
b                       0x20000388    0x8  Data  Gb  main.o [1]
c                       0x20000390    0x8  Data  Gb  main.o [1]
ccr                     0x200003a0    0x8  Data  Gb  main.o [1]
clock                   0x2000022c    0x4  Data  Gb  main.o [1]
cnt                     0x20000228    0x4  Data  Gb  main.o [1]
d                       0x20000398    0x8  Data  Gb  main.o [1]
div                     0x08001e65    0xe  Code  Gb  div.o [3]
exit                    0x0800502b    0x4  Code  Gb  exit.o [3]
followVelocity          0x08003791   0xde  Code  Gb  main.o [1]
free                    0x080014e1   0x7a  Code  Gb  xxmemxfree.o [3]
hdma_usart2_rx          0x20000244   0x60  Data  Gb  main.o [1]
hdma_usart6_rx          0x200002a4   0x60  Data  Gb  main.o [1]
htim1                   0x20000150   0x3c  Data  Gb  main.o [1]
htim2                   0x20000304   0x3c  Data  Gb  main.o [1]
htim3                   0x2000018c   0x3c  Data  Gb  main.o [1]
htim9                   0x20000340   0x3c  Data  Gb  main.o [1]
huart2                  0x20000110   0x40  Data  Gb  main.o [1]
huart6                  0x200001d8   0x40  Data  Gb  main.o [1]
iangu                   0x2000023c    0x4  Data  Gb  main.o [1]
iccr                    0x200003a8    0x4  Data  Gb  main.o [1]
internal_Pow            0x08002009  0x470  Code  Lc  pow.o [4]
ivelo                   0x20000238    0x4  Data  Gb  main.o [1]
lnbias                  0x080024a0  0x420  Data  Lc  pow.o [4]
localeconv              0x08001e33   0x16  Code  Gb  localeconv.o [3]
main                    0x08003929  0x174  Code  Gb  main.o [1]
malloc                  0x08001399   0xae  Code  Gb  xxmemxmalloc.o [3]
memchr                  0x08001335         Code  Gb  memchr.o [5]
rencoder1               0x20000234    0x4  Data  Gb  main.o [1]
rotary_encoder1         0x20000230    0x4  Data  Gb  main.o [1]
s1                      0x200001ca    0x2  Data  Gb  main.o [1]
scale                   0x08000c31   0x46  Code  Lc  xprintffull.o [3]
sprintf                 0x080043a5   0x34  Code  Gb  sprintf.o [3]
strchr                  0x080012dd         Code  Gb  strchr.o [5]
strlen                  0x080012fd         Code  Gb  strlen.o [5]
tx_buffer               0x200001c8    0x1  Data  Gb  main.o [1]
uwTick                  0x20000100    0x4  Data  Gb  stm32f4xx_hal.o [1]
uwTickFreq              0x200000fc    0x1  Data  Gb  stm32f4xx_hal.o [1]
uwTickPrio              0x20000104    0x4  Data  Gb  stm32f4xx_hal.o [1]
velo                    0x20000218    0x8  Data  Gb  main.o [1]
velocity                0x200001cc    0x8  Data  Gb  main.o [1]
write_velocity          0x20000240    0x4  Data  Gb  main.o [1]


[1] = F:\coretx\Motor_Control\EWARM\Motor_Control\Obj
[2] = command line
[3] = dl7M_tlf.a
[4] = m7M_tlv.a
[5] = rt7M_tl.a
[6] = shb_l.a

  20 760 bytes of readonly  code memory
      77 bytes of readonly  data memory
   2 484 bytes of readwrite data memory

Errors: none
Warnings: none
